Archive member included to satisfy reference by file (symbol)

/usr/lib/gcc/arm-none-eabi/10.3.1/libgcc.a(_udivsi3.o)
                              build/stdio.o (__aeabi_uidiv)
/usr/lib/gcc/arm-none-eabi/10.3.1/libgcc.a(_dvmd_tls.o)
                              /usr/lib/gcc/arm-none-eabi/10.3.1/libgcc.a(_udivsi3.o) (__aeabi_idiv0)

Memory Configuration

Name             Origin             Length             Attributes
*default*        0x0000000000000000 0xffffffffffffffff

Linker script and memory map

LOAD build/Entry.os
LOAD build/Handler.o
LOAD build/Main.o
LOAD build/Interrupt.o
LOAD build/Regs.o
LOAD build/Timer.o
LOAD build/Uart.o
LOAD build/armcpu.o
LOAD build/stdio.o
LOAD build/stdlib.o
LOAD build/task.o
LOAD /usr/lib/gcc/arm-none-eabi/10.3.1/libgcc.a
                0x0000000000000000                . = 0x0

.text           0x0000000000000000     0x1350
 *(vector_start)
 *(.text .rodata)
 .text          0x0000000000000000       0xd4 build/Entry.os
                0x0000000000000000                vector_start
                0x000000000000003c                vector_end
 .text          0x00000000000000d4       0x24 build/Handler.o
                0x00000000000000d4                Irq_Handler
                0x00000000000000f0                Fiq_Handler
 .text          0x00000000000000f8      0x23c build/Main.o
                0x00000000000000f8                main
                0x00000000000002ec                User_task0
                0x0000000000000304                User_task1
                0x000000000000031c                User_task2
 .rodata        0x0000000000000334      0x136 build/Main.o
 *fill*         0x000000000000046a        0x2 
 .text          0x000000000000046c      0x2f0 build/Interrupt.o
                0x000000000000046c                Hal_interrupt_init
                0x0000000000000508                Hal_interrupt_enable
                0x00000000000005d4                Hal_interrupt_disable
                0x00000000000006a0                Hal_interrupt_register_handler
                0x00000000000006d8                Hal_interrupt_run_handler
 .text          0x000000000000075c        0x0 build/Regs.o
 .text          0x000000000000075c      0x210 build/Timer.o
                0x000000000000075c                Hal_timer_init
                0x0000000000000948                Hal_timer_get_1ms_counter
 .text          0x000000000000096c      0x1b4 build/Uart.o
                0x000000000000096c                Hal_uart_init
                0x0000000000000a0c                Hal_uart_put_char
                0x0000000000000a68                Hal_uart_get_char
 .text          0x0000000000000b20       0xb0 build/armcpu.o
                0x0000000000000b20                enable_irq
                0x0000000000000b4c                enable_fiq
                0x0000000000000b78                disable_irq
                0x0000000000000ba4                disable_fiq
 .text          0x0000000000000bd0      0x454 build/stdio.o
                0x0000000000000bd0                putstr
                0x0000000000000c30                debug_printf
                0x0000000000000c80                vsprintf
                0x0000000000000f00                utoa
 .rodata        0x0000000000001024        0x7 build/stdio.o
 *fill*         0x000000000000102b        0x1 
 .text          0x000000000000102c       0x4c build/stdlib.o
                0x000000000000102c                delay
 .text          0x0000000000001078      0x1c0 build/task.o
                0x0000000000001078                Kernel_task_init
                0x00000000000011ac                Kernel_task_create
 .text          0x0000000000001238      0x114 /usr/lib/gcc/arm-none-eabi/10.3.1/libgcc.a(_udivsi3.o)
                0x0000000000001238                __udivsi3
                0x0000000000001238                __aeabi_uidiv
                0x000000000000132c                __aeabi_uidivmod
 .text          0x000000000000134c        0x4 /usr/lib/gcc/arm-none-eabi/10.3.1/libgcc.a(_dvmd_tls.o)
                0x000000000000134c                __aeabi_ldiv0
                0x000000000000134c                __aeabi_idiv0

.glue_7         0x0000000000001350        0x0
 .glue_7        0x0000000000001350        0x0 linker stubs

.glue_7t        0x0000000000001350        0x0
 .glue_7t       0x0000000000001350        0x0 linker stubs

.vfp11_veneer   0x0000000000001350        0x0
 .vfp11_veneer  0x0000000000001350        0x0 linker stubs

.v4_bx          0x0000000000001350        0x0
 .v4_bx         0x0000000000001350        0x0 linker stubs

.iplt           0x0000000000001350        0x0
 .iplt          0x0000000000001350        0x0 build/Entry.os

.rel.dyn        0x0000000000001350        0x0
 .rel.iplt      0x0000000000001350        0x0 build/Entry.os

.data           0x0000000000001350       0x10
 *(.data)
 .data          0x0000000000001350        0x0 build/Entry.os
 .data          0x0000000000001350        0x0 build/Handler.o
 .data          0x0000000000001350        0x0 build/Main.o
 .data          0x0000000000001350        0x0 build/Interrupt.o
 .data          0x0000000000001350       0x10 build/Regs.o
                0x0000000000001350                Uart
                0x0000000000001354                GicCpu
                0x0000000000001358                GicDist
                0x000000000000135c                Timer
 .data          0x0000000000001360        0x0 build/Timer.o
 .data          0x0000000000001360        0x0 build/Uart.o
 .data          0x0000000000001360        0x0 build/armcpu.o
 .data          0x0000000000001360        0x0 build/stdio.o
 .data          0x0000000000001360        0x0 build/stdlib.o
 .data          0x0000000000001360        0x0 build/task.o
 .data          0x0000000000001360        0x0 /usr/lib/gcc/arm-none-eabi/10.3.1/libgcc.a(_udivsi3.o)
 .data          0x0000000000001360        0x0 /usr/lib/gcc/arm-none-eabi/10.3.1/libgcc.a(_dvmd_tls.o)

.igot.plt       0x0000000000001360        0x0
 .igot.plt      0x0000000000001360        0x0 build/Entry.os

.bss            0x0000000000001360     0x1a04
 *(.bss)
 .bss           0x0000000000001360        0x0 build/Entry.os
 .bss           0x0000000000001360        0x0 build/Handler.o
 .bss           0x0000000000001360        0x0 build/Main.o
 .bss           0x0000000000001360      0x3fc build/Interrupt.o
 .bss           0x000000000000175c        0x0 build/Regs.o
 .bss           0x000000000000175c        0x4 build/Timer.o
 .bss           0x0000000000001760        0x0 build/Uart.o
 .bss           0x0000000000001760        0x0 build/armcpu.o
 .bss           0x0000000000001760      0x400 build/stdio.o
 .bss           0x0000000000001b60        0x0 build/stdlib.o
 .bss           0x0000000000001b60     0x1204 build/task.o
 .bss           0x0000000000002d64        0x0 /usr/lib/gcc/arm-none-eabi/10.3.1/libgcc.a(_udivsi3.o)
 .bss           0x0000000000002d64        0x0 /usr/lib/gcc/arm-none-eabi/10.3.1/libgcc.a(_dvmd_tls.o)
OUTPUT(build/myFirstRTOS.axf elf32-littlearm)
LOAD linker stubs

.ARM.attributes
                0x0000000000000000       0x2b
 .ARM.attributes
                0x0000000000000000       0x1d build/Entry.os
 .ARM.attributes
                0x000000000000001d       0x2f build/Handler.o
 .ARM.attributes
                0x000000000000004c       0x2f build/Main.o
 .ARM.attributes
                0x000000000000007b       0x2f build/Interrupt.o
 .ARM.attributes
                0x00000000000000aa       0x2f build/Regs.o
 .ARM.attributes
                0x00000000000000d9       0x2f build/Timer.o
 .ARM.attributes
                0x0000000000000108       0x2f build/Uart.o
 .ARM.attributes
                0x0000000000000137       0x2f build/armcpu.o
 .ARM.attributes
                0x0000000000000166       0x2f build/stdio.o
 .ARM.attributes
                0x0000000000000195       0x2f build/stdlib.o
 .ARM.attributes
                0x00000000000001c4       0x2f build/task.o
 .ARM.attributes
                0x00000000000001f3       0x1c /usr/lib/gcc/arm-none-eabi/10.3.1/libgcc.a(_udivsi3.o)
 .ARM.attributes
                0x000000000000020f       0x1c /usr/lib/gcc/arm-none-eabi/10.3.1/libgcc.a(_dvmd_tls.o)

.comment        0x0000000000000000       0x33
 .comment       0x0000000000000000       0x33 build/Handler.o
                                         0x34 (size before relaxing)
 .comment       0x0000000000000033       0x34 build/Main.o
 .comment       0x0000000000000033       0x34 build/Interrupt.o
 .comment       0x0000000000000033       0x34 build/Regs.o
 .comment       0x0000000000000033       0x34 build/Timer.o
 .comment       0x0000000000000033       0x34 build/Uart.o
 .comment       0x0000000000000033       0x34 build/armcpu.o
 .comment       0x0000000000000033       0x34 build/stdio.o
 .comment       0x0000000000000033       0x34 build/stdlib.o
 .comment       0x0000000000000033       0x34 build/task.o

.debug_line     0x0000000000000000      0x8dd
 .debug_line    0x0000000000000000       0x6d build/Entry.os
 .debug_line    0x000000000000006d       0x4c build/Handler.o
 .debug_line    0x00000000000000b9       0xea build/Main.o
 .debug_line    0x00000000000001a3      0x11e build/Interrupt.o
 .debug_line    0x00000000000002c1       0x68 build/Regs.o
 .debug_line    0x0000000000000329       0xdc build/Timer.o
 .debug_line    0x0000000000000405       0xe7 build/Uart.o
 .debug_line    0x00000000000004ec       0x67 build/armcpu.o
 .debug_line    0x0000000000000553      0x17f build/stdio.o
 .debug_line    0x00000000000006d2       0x6a build/stdlib.o
 .debug_line    0x000000000000073c       0xd6 build/task.o
 .debug_line    0x0000000000000812       0x74 /usr/lib/gcc/arm-none-eabi/10.3.1/libgcc.a(_udivsi3.o)
 .debug_line    0x0000000000000886       0x57 /usr/lib/gcc/arm-none-eabi/10.3.1/libgcc.a(_dvmd_tls.o)

.debug_info     0x0000000000000000     0x2f3e
 .debug_info    0x0000000000000000       0x26 build/Entry.os
 .debug_info    0x0000000000000026       0x82 build/Handler.o
 .debug_info    0x00000000000000a8      0x16e build/Main.o
 .debug_info    0x0000000000000216      0x698 build/Interrupt.o
 .debug_info    0x00000000000008ae     0x124d build/Regs.o
 .debug_info    0x0000000000001afb      0x2c6 build/Timer.o
 .debug_info    0x0000000000001dc1      0xbcc build/Uart.o
 .debug_info    0x000000000000298d       0x6e build/armcpu.o
 .debug_info    0x00000000000029fb      0x2bc build/stdio.o
 .debug_info    0x0000000000002cb7       0x9a build/stdlib.o
 .debug_info    0x0000000000002d51      0x1a1 build/task.o
 .debug_info    0x0000000000002ef2       0x26 /usr/lib/gcc/arm-none-eabi/10.3.1/libgcc.a(_udivsi3.o)
 .debug_info    0x0000000000002f18       0x26 /usr/lib/gcc/arm-none-eabi/10.3.1/libgcc.a(_dvmd_tls.o)

.debug_abbrev   0x0000000000000000      0x9bf
 .debug_abbrev  0x0000000000000000       0x14 build/Entry.os
 .debug_abbrev  0x0000000000000014       0x5e build/Handler.o
 .debug_abbrev  0x0000000000000072       0xca build/Main.o
 .debug_abbrev  0x000000000000013c      0x19c build/Interrupt.o
 .debug_abbrev  0x00000000000002d8      0x11a build/Regs.o
 .debug_abbrev  0x00000000000003f2      0x132 build/Timer.o
 .debug_abbrev  0x0000000000000524      0x19d build/Uart.o
 .debug_abbrev  0x00000000000006c1       0x2e build/armcpu.o
 .debug_abbrev  0x00000000000006ef      0x131 build/stdio.o
 .debug_abbrev  0x0000000000000820       0x75 build/stdlib.o
 .debug_abbrev  0x0000000000000895      0x102 build/task.o
 .debug_abbrev  0x0000000000000997       0x14 /usr/lib/gcc/arm-none-eabi/10.3.1/libgcc.a(_udivsi3.o)
 .debug_abbrev  0x00000000000009ab       0x14 /usr/lib/gcc/arm-none-eabi/10.3.1/libgcc.a(_dvmd_tls.o)

.debug_aranges  0x0000000000000000      0x198
 .debug_aranges
                0x0000000000000000       0x20 build/Entry.os
 .debug_aranges
                0x0000000000000020       0x20 build/Handler.o
 .debug_aranges
                0x0000000000000040       0x20 build/Main.o
 .debug_aranges
                0x0000000000000060       0x20 build/Interrupt.o
 .debug_aranges
                0x0000000000000080       0x18 build/Regs.o
 .debug_aranges
                0x0000000000000098       0x20 build/Timer.o
 .debug_aranges
                0x00000000000000b8       0x20 build/Uart.o
 .debug_aranges
                0x00000000000000d8       0x20 build/armcpu.o
 .debug_aranges
                0x00000000000000f8       0x20 build/stdio.o
 .debug_aranges
                0x0000000000000118       0x20 build/stdlib.o
 .debug_aranges
                0x0000000000000138       0x20 build/task.o
 .debug_aranges
                0x0000000000000158       0x20 /usr/lib/gcc/arm-none-eabi/10.3.1/libgcc.a(_udivsi3.o)
 .debug_aranges
                0x0000000000000178       0x20 /usr/lib/gcc/arm-none-eabi/10.3.1/libgcc.a(_dvmd_tls.o)

.debug_str      0x0000000000000000      0xaa7
 .debug_str     0x0000000000000000       0x39 build/Entry.os
 .debug_str     0x0000000000000039       0xcb build/Handler.o
                                        0x104 (size before relaxing)
 .debug_str     0x0000000000000104       0x7e build/Main.o
                                        0x160 (size before relaxing)
 .debug_str     0x0000000000000182      0x2bf build/Interrupt.o
                                        0x3b4 (size before relaxing)
 .debug_str     0x0000000000000441      0x3b4 build/Regs.o
                                        0x699 (size before relaxing)
 .debug_str     0x00000000000007f5       0x6a build/Timer.o
                                        0x246 (size before relaxing)
 .debug_str     0x000000000000085f       0x4f build/Uart.o
                                        0x439 (size before relaxing)
 .debug_str     0x00000000000008ae       0x3b build/armcpu.o
                                         0xaf (size before relaxing)
 .debug_str     0x00000000000008e9       0x7c build/stdio.o
                                        0x17c (size before relaxing)
 .debug_str     0x0000000000000965       0x18 build/stdlib.o
                                         0xfe (size before relaxing)
 .debug_str     0x000000000000097d       0x9d build/task.o
                                        0x18b (size before relaxing)
 .debug_str     0x0000000000000a1a       0x8d /usr/lib/gcc/arm-none-eabi/10.3.1/libgcc.a(_udivsi3.o)
 .debug_str     0x0000000000000aa7       0x8d /usr/lib/gcc/arm-none-eabi/10.3.1/libgcc.a(_dvmd_tls.o)

.debug_frame    0x0000000000000000      0x4d0
 .debug_frame   0x0000000000000000       0x50 build/Handler.o
 .debug_frame   0x0000000000000050       0xf8 build/Main.o
 .debug_frame   0x0000000000000148       0xb0 build/Interrupt.o
 .debug_frame   0x00000000000001f8       0x70 build/Timer.o
 .debug_frame   0x0000000000000268       0x8c build/Uart.o
 .debug_frame   0x00000000000002f4       0x90 build/armcpu.o
 .debug_frame   0x0000000000000384       0xac build/stdio.o
 .debug_frame   0x0000000000000430       0x30 build/stdlib.o
 .debug_frame   0x0000000000000460       0x50 build/task.o
 .debug_frame   0x00000000000004b0       0x20 /usr/lib/gcc/arm-none-eabi/10.3.1/libgcc.a(_udivsi3.o)
