Archive member included to satisfy reference by file (symbol)

/usr/lib/gcc/arm-none-eabi/10.3.1/libgcc.a(_udivsi3.o)
                              build/stdio.o (__aeabi_uidiv)
/usr/lib/gcc/arm-none-eabi/10.3.1/libgcc.a(_dvmd_tls.o)
                              /usr/lib/gcc/arm-none-eabi/10.3.1/libgcc.a(_udivsi3.o) (__aeabi_idiv0)

Memory Configuration

Name             Origin             Length             Attributes
*default*        0x0000000000000000 0xffffffffffffffff

Linker script and memory map

LOAD build/Entry.os
LOAD build/Handler.o
LOAD build/Main.o
LOAD build/Interrupt.o
LOAD build/Regs.o
LOAD build/Timer.o
LOAD build/Uart.o
LOAD build/armcpu.o
LOAD build/stdio.o
LOAD build/stdlib.o
LOAD build/event.o
LOAD build/Kernel.o
LOAD build/msg.o
LOAD build/task.o
LOAD /usr/lib/gcc/arm-none-eabi/10.3.1/libgcc.a
                0x0000000000000000                . = 0x0

.text           0x0000000000000000     0x20ac
 *(vector_start)
 *(.text .rodata)
 .text          0x0000000000000000       0xd4 build/Entry.os
                0x0000000000000000                vector_start
                0x000000000000003c                vector_end
 .text          0x00000000000000d4       0x24 build/Handler.o
                0x00000000000000d4                Irq_Handler
                0x00000000000000f0                Fiq_Handler
 .text          0x00000000000000f8      0x49c build/Main.o
                0x00000000000000f8                main
                0x000000000000033c                User_task0
                0x00000000000004a4                User_task1
                0x0000000000000564                User_task2
 .rodata        0x0000000000000594      0x176 build/Main.o
 *fill*         0x000000000000070a        0x2 
 .text          0x000000000000070c      0x2f0 build/Interrupt.o
                0x000000000000070c                Hal_interrupt_init
                0x00000000000007a8                Hal_interrupt_enable
                0x0000000000000874                Hal_interrupt_disable
                0x0000000000000940                Hal_interrupt_register_handler
                0x0000000000000978                Hal_interrupt_run_handler
 .text          0x00000000000009fc        0x0 build/Regs.o
 .text          0x00000000000009fc      0x210 build/Timer.o
                0x00000000000009fc                Hal_timer_init
                0x0000000000000be8                Hal_timer_get_1ms_counter
 .text          0x0000000000000c0c      0x1d0 build/Uart.o
                0x0000000000000c0c                Hal_uart_init
                0x0000000000000cac                Hal_uart_put_char
                0x0000000000000d08                Hal_uart_get_char
 .text          0x0000000000000ddc       0xb0 build/armcpu.o
                0x0000000000000ddc                enable_irq
                0x0000000000000e08                enable_fiq
                0x0000000000000e34                disable_irq
                0x0000000000000e60                disable_fiq
 .text          0x0000000000000e8c      0x454 build/stdio.o
                0x0000000000000e8c                putstr
                0x0000000000000eec                debug_printf
                0x0000000000000f3c                vsprintf
                0x00000000000011bc                utoa
 .rodata        0x00000000000012e0        0x7 build/stdio.o
 *fill*         0x00000000000012e7        0x1 
 .text          0x00000000000012e8       0xa8 build/stdlib.o
                0x00000000000012e8                delay
                0x0000000000001334                memclr
 .text          0x0000000000001390       0xf8 build/event.o
                0x0000000000001390                Kernel_event_flag_init
                0x00000000000013b8                Kernel_event_flag_set
                0x00000000000013f8                Kernel_event_flag_clear
                0x000000000000143c                Kernel_event_flag_check
 .text          0x0000000000001488      0x2b8 build/Kernel.o
                0x0000000000001488                Kernel_start
                0x000000000000149c                Kernel_yield
                0x00000000000014b0                Kernel_send_events
                0x0000000000001538                Kernel_wait_events
                0x00000000000015d4                Kernel_send_msg
                0x00000000000016ac                Kernel_recv_msg
 .text          0x0000000000001740      0x41c build/msg.o
                0x0000000000001740                Kernel_msgQ_init
                0x00000000000017ec                Kernel_msgQ_is_empty
                0x0000000000001874                Kernel_msgQ_is_full
                0x0000000000001904                Kernel_msgQ_enqueue
                0x0000000000001a3c                Kernel_msgQ_dequeue
 .text          0x0000000000001b5c      0x438 build/task.o
                0x0000000000001b5c                Kernel_task_init
                0x0000000000001ca8                Kernel_task_start
                0x0000000000001ce8                Kernel_task_create
                0x0000000000001d90                Kernel_task_scheduler
                0x0000000000001dec                Kernel_task_context_switching
 .text          0x0000000000001f94      0x114 /usr/lib/gcc/arm-none-eabi/10.3.1/libgcc.a(_udivsi3.o)
                0x0000000000001f94                __udivsi3
                0x0000000000001f94                __aeabi_uidiv
                0x0000000000002088                __aeabi_uidivmod
 .text          0x00000000000020a8        0x4 /usr/lib/gcc/arm-none-eabi/10.3.1/libgcc.a(_dvmd_tls.o)
                0x00000000000020a8                __aeabi_ldiv0
                0x00000000000020a8                __aeabi_idiv0

.glue_7         0x00000000000020ac        0x0
 .glue_7        0x00000000000020ac        0x0 linker stubs

.glue_7t        0x00000000000020ac        0x0
 .glue_7t       0x00000000000020ac        0x0 linker stubs

.vfp11_veneer   0x00000000000020ac        0x0
 .vfp11_veneer  0x00000000000020ac        0x0 linker stubs

.v4_bx          0x00000000000020ac        0x0
 .v4_bx         0x00000000000020ac        0x0 linker stubs

.iplt           0x00000000000020ac        0x0
 .iplt          0x00000000000020ac        0x0 build/Entry.os

.rel.dyn        0x00000000000020ac        0x0
 .rel.iplt      0x00000000000020ac        0x0 build/Entry.os

.data           0x00000000000020ac       0x10
 *(.data)
 .data          0x00000000000020ac        0x0 build/Entry.os
 .data          0x00000000000020ac        0x0 build/Handler.o
 .data          0x00000000000020ac        0x0 build/Main.o
 .data          0x00000000000020ac        0x0 build/Interrupt.o
 .data          0x00000000000020ac       0x10 build/Regs.o
                0x00000000000020ac                Uart
                0x00000000000020b0                GicCpu
                0x00000000000020b4                GicDist
                0x00000000000020b8                Timer
 .data          0x00000000000020bc        0x0 build/Timer.o
 .data          0x00000000000020bc        0x0 build/Uart.o
 .data          0x00000000000020bc        0x0 build/armcpu.o
 .data          0x00000000000020bc        0x0 build/stdio.o
 .data          0x00000000000020bc        0x0 build/stdlib.o
 .data          0x00000000000020bc        0x0 build/event.o
 .data          0x00000000000020bc        0x0 build/Kernel.o
 .data          0x00000000000020bc        0x0 build/msg.o
 .data          0x00000000000020bc        0x0 build/task.o
 .data          0x00000000000020bc        0x0 /usr/lib/gcc/arm-none-eabi/10.3.1/libgcc.a(_udivsi3.o)
 .data          0x00000000000020bc        0x0 /usr/lib/gcc/arm-none-eabi/10.3.1/libgcc.a(_dvmd_tls.o)

.igot.plt       0x00000000000020bc        0x0
 .igot.plt      0x00000000000020bc        0x0 build/Entry.os

.bss            0x00000000000020bc     0x112c
 *(.bss)
 .bss           0x00000000000020bc        0x0 build/Entry.os
 .bss           0x00000000000020bc        0x0 build/Handler.o
 .bss           0x00000000000020bc        0x0 build/Main.o
 .bss           0x00000000000020bc      0x3fc build/Interrupt.o
 .bss           0x00000000000024b8        0x0 build/Regs.o
 .bss           0x00000000000024b8        0x4 build/Timer.o
 .bss           0x00000000000024bc        0x0 build/Uart.o
 .bss           0x00000000000024bc        0x0 build/armcpu.o
 .bss           0x00000000000024bc      0x400 build/stdio.o
 .bss           0x00000000000028bc        0x0 build/stdlib.o
 .bss           0x00000000000028bc        0x4 build/event.o
 .bss           0x00000000000028c0        0x0 build/Kernel.o
 .bss           0x00000000000028c0      0x618 build/msg.o
                0x00000000000028c0                sMsgQ
 .bss           0x0000000000002ed8      0x310 build/task.o
 .bss           0x00000000000031e8        0x0 /usr/lib/gcc/arm-none-eabi/10.3.1/libgcc.a(_udivsi3.o)
 .bss           0x00000000000031e8        0x0 /usr/lib/gcc/arm-none-eabi/10.3.1/libgcc.a(_dvmd_tls.o)
OUTPUT(build/myFirstRTOS.axf elf32-littlearm)
LOAD linker stubs

.ARM.attributes
                0x0000000000000000       0x2b
 .ARM.attributes
                0x0000000000000000       0x1d build/Entry.os
 .ARM.attributes
                0x000000000000001d       0x2f build/Handler.o
 .ARM.attributes
                0x000000000000004c       0x2f build/Main.o
 .ARM.attributes
                0x000000000000007b       0x2f build/Interrupt.o
 .ARM.attributes
                0x00000000000000aa       0x2f build/Regs.o
 .ARM.attributes
                0x00000000000000d9       0x2f build/Timer.o
 .ARM.attributes
                0x0000000000000108       0x2f build/Uart.o
 .ARM.attributes
                0x0000000000000137       0x2f build/armcpu.o
 .ARM.attributes
                0x0000000000000166       0x2f build/stdio.o
 .ARM.attributes
                0x0000000000000195       0x2f build/stdlib.o
 .ARM.attributes
                0x00000000000001c4       0x2f build/event.o
 .ARM.attributes
                0x00000000000001f3       0x2f build/Kernel.o
 .ARM.attributes
                0x0000000000000222       0x2f build/msg.o
 .ARM.attributes
                0x0000000000000251       0x2f build/task.o
 .ARM.attributes
                0x0000000000000280       0x1c /usr/lib/gcc/arm-none-eabi/10.3.1/libgcc.a(_udivsi3.o)
 .ARM.attributes
                0x000000000000029c       0x1c /usr/lib/gcc/arm-none-eabi/10.3.1/libgcc.a(_dvmd_tls.o)

.comment        0x0000000000000000       0x33
 .comment       0x0000000000000000       0x33 build/Handler.o
                                         0x34 (size before relaxing)
 .comment       0x0000000000000033       0x34 build/Main.o
 .comment       0x0000000000000033       0x34 build/Interrupt.o
 .comment       0x0000000000000033       0x34 build/Regs.o
 .comment       0x0000000000000033       0x34 build/Timer.o
 .comment       0x0000000000000033       0x34 build/Uart.o
 .comment       0x0000000000000033       0x34 build/armcpu.o
 .comment       0x0000000000000033       0x34 build/stdio.o
 .comment       0x0000000000000033       0x34 build/stdlib.o
 .comment       0x0000000000000033       0x34 build/event.o
 .comment       0x0000000000000033       0x34 build/Kernel.o
 .comment       0x0000000000000033       0x34 build/msg.o
 .comment       0x0000000000000033       0x34 build/task.o

.debug_line     0x0000000000000000      0xd7b
 .debug_line    0x0000000000000000       0x6d build/Entry.os
 .debug_line    0x000000000000006d       0x4c build/Handler.o
 .debug_line    0x00000000000000b9      0x195 build/Main.o
 .debug_line    0x000000000000024e      0x11e build/Interrupt.o
 .debug_line    0x000000000000036c       0x68 build/Regs.o
 .debug_line    0x00000000000003d4       0xdc build/Timer.o
 .debug_line    0x00000000000004b0      0x109 build/Uart.o
 .debug_line    0x00000000000005b9       0x67 build/armcpu.o
 .debug_line    0x0000000000000620      0x17f build/stdio.o
 .debug_line    0x000000000000079f       0x80 build/stdlib.o
 .debug_line    0x000000000000081f       0x89 build/event.o
 .debug_line    0x00000000000008a8      0x15e build/Kernel.o
 .debug_line    0x0000000000000a06      0x122 build/msg.o
 .debug_line    0x0000000000000b28      0x188 build/task.o
 .debug_line    0x0000000000000cb0       0x74 /usr/lib/gcc/arm-none-eabi/10.3.1/libgcc.a(_udivsi3.o)
 .debug_line    0x0000000000000d24       0x57 /usr/lib/gcc/arm-none-eabi/10.3.1/libgcc.a(_dvmd_tls.o)

.debug_info     0x0000000000000000     0x3cd2
 .debug_info    0x0000000000000000       0x26 build/Entry.os
 .debug_info    0x0000000000000026       0x82 build/Handler.o
 .debug_info    0x00000000000000a8      0x3e6 build/Main.o
 .debug_info    0x000000000000048e      0x698 build/Interrupt.o
 .debug_info    0x0000000000000b26     0x124d build/Regs.o
 .debug_info    0x0000000000001d73      0x2c6 build/Timer.o
 .debug_info    0x0000000000002039      0xd08 build/Uart.o
 .debug_info    0x0000000000002d41       0x6e build/armcpu.o
 .debug_info    0x0000000000002daf      0x2bc build/stdio.o
 .debug_info    0x000000000000306b       0xf0 build/stdlib.o
 .debug_info    0x000000000000315b      0x228 build/event.o
 .debug_info    0x0000000000003383      0x3b5 build/Kernel.o
 .debug_info    0x0000000000003738      0x255 build/msg.o
 .debug_info    0x000000000000398d      0x2f9 build/task.o
 .debug_info    0x0000000000003c86       0x26 /usr/lib/gcc/arm-none-eabi/10.3.1/libgcc.a(_udivsi3.o)
 .debug_info    0x0000000000003cac       0x26 /usr/lib/gcc/arm-none-eabi/10.3.1/libgcc.a(_dvmd_tls.o)

.debug_abbrev   0x0000000000000000      0xe55
 .debug_abbrev  0x0000000000000000       0x14 build/Entry.os
 .debug_abbrev  0x0000000000000014       0x5e build/Handler.o
 .debug_abbrev  0x0000000000000072      0x12f build/Main.o
 .debug_abbrev  0x00000000000001a1      0x19c build/Interrupt.o
 .debug_abbrev  0x000000000000033d      0x11a build/Regs.o
 .debug_abbrev  0x0000000000000457      0x132 build/Timer.o
 .debug_abbrev  0x0000000000000589      0x1cd build/Uart.o
 .debug_abbrev  0x0000000000000756       0x2e build/armcpu.o
 .debug_abbrev  0x0000000000000784      0x131 build/stdio.o
 .debug_abbrev  0x00000000000008b5       0xc3 build/stdlib.o
 .debug_abbrev  0x0000000000000978       0xdf build/event.o
 .debug_abbrev  0x0000000000000a57      0x109 build/Kernel.o
 .debug_abbrev  0x0000000000000b60      0x149 build/msg.o
 .debug_abbrev  0x0000000000000ca9      0x184 build/task.o
 .debug_abbrev  0x0000000000000e2d       0x14 /usr/lib/gcc/arm-none-eabi/10.3.1/libgcc.a(_udivsi3.o)
 .debug_abbrev  0x0000000000000e41       0x14 /usr/lib/gcc/arm-none-eabi/10.3.1/libgcc.a(_dvmd_tls.o)

.debug_aranges  0x0000000000000000      0x1f8
 .debug_aranges
                0x0000000000000000       0x20 build/Entry.os
 .debug_aranges
                0x0000000000000020       0x20 build/Handler.o
 .debug_aranges
                0x0000000000000040       0x20 build/Main.o
 .debug_aranges
                0x0000000000000060       0x20 build/Interrupt.o
 .debug_aranges
                0x0000000000000080       0x18 build/Regs.o
 .debug_aranges
                0x0000000000000098       0x20 build/Timer.o
 .debug_aranges
                0x00000000000000b8       0x20 build/Uart.o
 .debug_aranges
                0x00000000000000d8       0x20 build/armcpu.o
 .debug_aranges
                0x00000000000000f8       0x20 build/stdio.o
 .debug_aranges
                0x0000000000000118       0x20 build/stdlib.o
 .debug_aranges
                0x0000000000000138       0x20 build/event.o
 .debug_aranges
                0x0000000000000158       0x20 build/Kernel.o
 .debug_aranges
                0x0000000000000178       0x20 build/msg.o
 .debug_aranges
                0x0000000000000198       0x20 build/task.o
 .debug_aranges
                0x00000000000001b8       0x20 /usr/lib/gcc/arm-none-eabi/10.3.1/libgcc.a(_udivsi3.o)
 .debug_aranges
                0x00000000000001d8       0x20 /usr/lib/gcc/arm-none-eabi/10.3.1/libgcc.a(_dvmd_tls.o)

.debug_str      0x0000000000000000     0x11aa
 .debug_str     0x0000000000000000       0x39 build/Entry.os
 .debug_str     0x0000000000000039       0xcb build/Handler.o
                                        0x104 (size before relaxing)
 .debug_str     0x0000000000000104      0x4a9 build/Main.o
                                        0x58b (size before relaxing)
 .debug_str     0x00000000000005ad      0x2bf build/Interrupt.o
                                        0x3b4 (size before relaxing)
 .debug_str     0x000000000000086c      0x3b4 build/Regs.o
                                        0x699 (size before relaxing)
 .debug_str     0x0000000000000c20       0x6a build/Timer.o
                                        0x246 (size before relaxing)
 .debug_str     0x0000000000000c8a       0x42 build/Uart.o
                                        0x803 (size before relaxing)
 .debug_str     0x0000000000000ccc       0x3b build/armcpu.o
                                         0xaf (size before relaxing)
 .debug_str     0x0000000000000d07       0x7c build/stdio.o
                                        0x17c (size before relaxing)
 .debug_str     0x0000000000000d83       0x1e build/stdlib.o
                                        0x113 (size before relaxing)
 .debug_str     0x0000000000000da1       0x9c build/event.o
                                        0x4ed (size before relaxing)
 .debug_str     0x0000000000000e3d       0xb3 build/Kernel.o
                                        0x585 (size before relaxing)
 .debug_str     0x0000000000000ef0       0x93 build/msg.o
                                        0x1f1 (size before relaxing)
 .debug_str     0x0000000000000f83      0x19a build/task.o
                                        0x288 (size before relaxing)
 .debug_str     0x000000000000111d       0x8d /usr/lib/gcc/arm-none-eabi/10.3.1/libgcc.a(_udivsi3.o)
 .debug_str     0x00000000000011aa       0x8d /usr/lib/gcc/arm-none-eabi/10.3.1/libgcc.a(_dvmd_tls.o)

.debug_frame    0x0000000000000000      0x7a0
 .debug_frame   0x0000000000000000       0x50 build/Handler.o
 .debug_frame   0x0000000000000050       0xfc build/Main.o
 .debug_frame   0x000000000000014c       0xb0 build/Interrupt.o
 .debug_frame   0x00000000000001fc       0x70 build/Timer.o
 .debug_frame   0x000000000000026c       0x8c build/Uart.o
 .debug_frame   0x00000000000002f8       0x90 build/armcpu.o
 .debug_frame   0x0000000000000388       0xac build/stdio.o
 .debug_frame   0x0000000000000434       0x50 build/stdlib.o
 .debug_frame   0x0000000000000484       0x90 build/event.o
 .debug_frame   0x0000000000000514       0xc8 build/Kernel.o
 .debug_frame   0x00000000000005dc       0xb0 build/msg.o
 .debug_frame   0x000000000000068c       0xf4 build/task.o
 .debug_frame   0x0000000000000780       0x20 /usr/lib/gcc/arm-none-eabi/10.3.1/libgcc.a(_udivsi3.o)
