Archive member included to satisfy reference by file (symbol)

/usr/lib/gcc/arm-none-eabi/10.3.1/libgcc.a(_udivsi3.o)
                              build/stdio.o (__aeabi_uidiv)
/usr/lib/gcc/arm-none-eabi/10.3.1/libgcc.a(_dvmd_tls.o)
                              /usr/lib/gcc/arm-none-eabi/10.3.1/libgcc.a(_udivsi3.o) (__aeabi_idiv0)

Memory Configuration

Name             Origin             Length             Attributes
*default*        0x0000000000000000 0xffffffffffffffff

Linker script and memory map

LOAD build/Entry.os
LOAD build/Handler.o
LOAD build/Main.o
LOAD build/Interrupt.o
LOAD build/Regs.o
LOAD build/Timer.o
LOAD build/Uart.o
LOAD build/armcpu.o
LOAD build/stdio.o
LOAD build/stdlib.o
LOAD build/Kernel.o
LOAD build/task.o
LOAD /usr/lib/gcc/arm-none-eabi/10.3.1/libgcc.a
                0x0000000000000000                . = 0x0

.text           0x0000000000000000     0x169c
 *(vector_start)
 *(.text .rodata)
 .text          0x0000000000000000       0xd4 build/Entry.os
                0x0000000000000000                vector_start
                0x000000000000003c                vector_end
 .text          0x00000000000000d4       0x24 build/Handler.o
                0x00000000000000d4                Irq_Handler
                0x00000000000000f0                Fiq_Handler
 .text          0x00000000000000f8      0x2d0 build/Main.o
                0x00000000000000f8                main
                0x0000000000000338                User_task0
                0x0000000000000368                User_task1
                0x0000000000000398                User_task2
 .rodata        0x00000000000003c8      0x14e build/Main.o
 *fill*         0x0000000000000516        0x2 
 .text          0x0000000000000518      0x2f0 build/Interrupt.o
                0x0000000000000518                Hal_interrupt_init
                0x00000000000005b4                Hal_interrupt_enable
                0x0000000000000680                Hal_interrupt_disable
                0x000000000000074c                Hal_interrupt_register_handler
                0x0000000000000784                Hal_interrupt_run_handler
 .text          0x0000000000000808        0x0 build/Regs.o
 .text          0x0000000000000808      0x210 build/Timer.o
                0x0000000000000808                Hal_timer_init
                0x00000000000009f4                Hal_timer_get_1ms_counter
 .text          0x0000000000000a18      0x1b4 build/Uart.o
                0x0000000000000a18                Hal_uart_init
                0x0000000000000ab8                Hal_uart_put_char
                0x0000000000000b14                Hal_uart_get_char
 .text          0x0000000000000bcc       0xb0 build/armcpu.o
                0x0000000000000bcc                enable_irq
                0x0000000000000bf8                enable_fiq
                0x0000000000000c24                disable_irq
                0x0000000000000c50                disable_fiq
 .text          0x0000000000000c7c      0x454 build/stdio.o
                0x0000000000000c7c                putstr
                0x0000000000000cdc                debug_printf
                0x0000000000000d2c                vsprintf
                0x0000000000000fac                utoa
 .rodata        0x00000000000010d0        0x7 build/stdio.o
 *fill*         0x00000000000010d7        0x1 
 .text          0x00000000000010d8       0x4c build/stdlib.o
                0x00000000000010d8                delay
 .text          0x0000000000001124       0x28 build/Kernel.o
                0x0000000000001124                Kernel_start
                0x0000000000001138                Kernel_yield
 .text          0x000000000000114c      0x438 build/task.o
                0x000000000000114c                Kernel_task_init
                0x0000000000001298                Kernel_task_start
                0x00000000000012d8                Kernel_task_create
                0x0000000000001380                Kernel_task_scheduler
                0x00000000000013dc                Kernel_task_context_switching
 .text          0x0000000000001584      0x114 /usr/lib/gcc/arm-none-eabi/10.3.1/libgcc.a(_udivsi3.o)
                0x0000000000001584                __udivsi3
                0x0000000000001584                __aeabi_uidiv
                0x0000000000001678                __aeabi_uidivmod
 .text          0x0000000000001698        0x4 /usr/lib/gcc/arm-none-eabi/10.3.1/libgcc.a(_dvmd_tls.o)
                0x0000000000001698                __aeabi_ldiv0
                0x0000000000001698                __aeabi_idiv0

.glue_7         0x000000000000169c        0x0
 .glue_7        0x000000000000169c        0x0 linker stubs

.glue_7t        0x000000000000169c        0x0
 .glue_7t       0x000000000000169c        0x0 linker stubs

.vfp11_veneer   0x000000000000169c        0x0
 .vfp11_veneer  0x000000000000169c        0x0 linker stubs

.v4_bx          0x000000000000169c        0x0
 .v4_bx         0x000000000000169c        0x0 linker stubs

.iplt           0x000000000000169c        0x0
 .iplt          0x000000000000169c        0x0 build/Entry.os

.rel.dyn        0x000000000000169c        0x0
 .rel.iplt      0x000000000000169c        0x0 build/Entry.os

.data           0x000000000000169c       0x10
 *(.data)
 .data          0x000000000000169c        0x0 build/Entry.os
 .data          0x000000000000169c        0x0 build/Handler.o
 .data          0x000000000000169c        0x0 build/Main.o
 .data          0x000000000000169c        0x0 build/Interrupt.o
 .data          0x000000000000169c       0x10 build/Regs.o
                0x000000000000169c                Uart
                0x00000000000016a0                GicCpu
                0x00000000000016a4                GicDist
                0x00000000000016a8                Timer
 .data          0x00000000000016ac        0x0 build/Timer.o
 .data          0x00000000000016ac        0x0 build/Uart.o
 .data          0x00000000000016ac        0x0 build/armcpu.o
 .data          0x00000000000016ac        0x0 build/stdio.o
 .data          0x00000000000016ac        0x0 build/stdlib.o
 .data          0x00000000000016ac        0x0 build/Kernel.o
 .data          0x00000000000016ac        0x0 build/task.o
 .data          0x00000000000016ac        0x0 /usr/lib/gcc/arm-none-eabi/10.3.1/libgcc.a(_udivsi3.o)
 .data          0x00000000000016ac        0x0 /usr/lib/gcc/arm-none-eabi/10.3.1/libgcc.a(_dvmd_tls.o)

.igot.plt       0x00000000000016ac        0x0
 .igot.plt      0x00000000000016ac        0x0 build/Entry.os

.bss            0x00000000000016ac      0xb10
 *(.bss)
 .bss           0x00000000000016ac        0x0 build/Entry.os
 .bss           0x00000000000016ac        0x0 build/Handler.o
 .bss           0x00000000000016ac        0x0 build/Main.o
 .bss           0x00000000000016ac      0x3fc build/Interrupt.o
 .bss           0x0000000000001aa8        0x0 build/Regs.o
 .bss           0x0000000000001aa8        0x4 build/Timer.o
 .bss           0x0000000000001aac        0x0 build/Uart.o
 .bss           0x0000000000001aac        0x0 build/armcpu.o
 .bss           0x0000000000001aac      0x400 build/stdio.o
 .bss           0x0000000000001eac        0x0 build/stdlib.o
 .bss           0x0000000000001eac        0x0 build/Kernel.o
 .bss           0x0000000000001eac      0x310 build/task.o
 .bss           0x00000000000021bc        0x0 /usr/lib/gcc/arm-none-eabi/10.3.1/libgcc.a(_udivsi3.o)
 .bss           0x00000000000021bc        0x0 /usr/lib/gcc/arm-none-eabi/10.3.1/libgcc.a(_dvmd_tls.o)
OUTPUT(build/myFirstRTOS.axf elf32-littlearm)
LOAD linker stubs

.ARM.attributes
                0x0000000000000000       0x2b
 .ARM.attributes
                0x0000000000000000       0x1d build/Entry.os
 .ARM.attributes
                0x000000000000001d       0x2f build/Handler.o
 .ARM.attributes
                0x000000000000004c       0x2f build/Main.o
 .ARM.attributes
                0x000000000000007b       0x2f build/Interrupt.o
 .ARM.attributes
                0x00000000000000aa       0x2f build/Regs.o
 .ARM.attributes
                0x00000000000000d9       0x2f build/Timer.o
 .ARM.attributes
                0x0000000000000108       0x2f build/Uart.o
 .ARM.attributes
                0x0000000000000137       0x2f build/armcpu.o
 .ARM.attributes
                0x0000000000000166       0x2f build/stdio.o
 .ARM.attributes
                0x0000000000000195       0x2f build/stdlib.o
 .ARM.attributes
                0x00000000000001c4       0x2f build/Kernel.o
 .ARM.attributes
                0x00000000000001f3       0x2f build/task.o
 .ARM.attributes
                0x0000000000000222       0x1c /usr/lib/gcc/arm-none-eabi/10.3.1/libgcc.a(_udivsi3.o)
 .ARM.attributes
                0x000000000000023e       0x1c /usr/lib/gcc/arm-none-eabi/10.3.1/libgcc.a(_dvmd_tls.o)

.comment        0x0000000000000000       0x33
 .comment       0x0000000000000000       0x33 build/Handler.o
                                         0x34 (size before relaxing)
 .comment       0x0000000000000033       0x34 build/Main.o
 .comment       0x0000000000000033       0x34 build/Interrupt.o
 .comment       0x0000000000000033       0x34 build/Regs.o
 .comment       0x0000000000000033       0x34 build/Timer.o
 .comment       0x0000000000000033       0x34 build/Uart.o
 .comment       0x0000000000000033       0x34 build/armcpu.o
 .comment       0x0000000000000033       0x34 build/stdio.o
 .comment       0x0000000000000033       0x34 build/stdlib.o
 .comment       0x0000000000000033       0x34 build/Kernel.o
 .comment       0x0000000000000033       0x34 build/task.o

.debug_line     0x0000000000000000      0xa10
 .debug_line    0x0000000000000000       0x6d build/Entry.os
 .debug_line    0x000000000000006d       0x4c build/Handler.o
 .debug_line    0x00000000000000b9      0x11f build/Main.o
 .debug_line    0x00000000000001d8      0x11e build/Interrupt.o
 .debug_line    0x00000000000002f6       0x68 build/Regs.o
 .debug_line    0x000000000000035e       0xdc build/Timer.o
 .debug_line    0x000000000000043a       0xe7 build/Uart.o
 .debug_line    0x0000000000000521       0x67 build/armcpu.o
 .debug_line    0x0000000000000588      0x17f build/stdio.o
 .debug_line    0x0000000000000707       0x6a build/stdlib.o
 .debug_line    0x0000000000000771       0x4c build/Kernel.o
 .debug_line    0x00000000000007bd      0x188 build/task.o
 .debug_line    0x0000000000000945       0x74 /usr/lib/gcc/arm-none-eabi/10.3.1/libgcc.a(_udivsi3.o)
 .debug_line    0x00000000000009b9       0x57 /usr/lib/gcc/arm-none-eabi/10.3.1/libgcc.a(_dvmd_tls.o)

.debug_info     0x0000000000000000     0x3170
 .debug_info    0x0000000000000000       0x26 build/Entry.os
 .debug_info    0x0000000000000026       0x82 build/Handler.o
 .debug_info    0x00000000000000a8      0x1c6 build/Main.o
 .debug_info    0x000000000000026e      0x698 build/Interrupt.o
 .debug_info    0x0000000000000906     0x124d build/Regs.o
 .debug_info    0x0000000000001b53      0x2c6 build/Timer.o
 .debug_info    0x0000000000001e19      0xbcc build/Uart.o
 .debug_info    0x00000000000029e5       0x6e build/armcpu.o
 .debug_info    0x0000000000002a53      0x2bc build/stdio.o
 .debug_info    0x0000000000002d0f       0x9a build/stdlib.o
 .debug_info    0x0000000000002da9       0x82 build/Kernel.o
 .debug_info    0x0000000000002e2b      0x2f9 build/task.o
 .debug_info    0x0000000000003124       0x26 /usr/lib/gcc/arm-none-eabi/10.3.1/libgcc.a(_udivsi3.o)
 .debug_info    0x000000000000314a       0x26 /usr/lib/gcc/arm-none-eabi/10.3.1/libgcc.a(_dvmd_tls.o)

.debug_abbrev   0x0000000000000000      0xa90
 .debug_abbrev  0x0000000000000000       0x14 build/Entry.os
 .debug_abbrev  0x0000000000000014       0x5e build/Handler.o
 .debug_abbrev  0x0000000000000072       0xd5 build/Main.o
 .debug_abbrev  0x0000000000000147      0x19c build/Interrupt.o
 .debug_abbrev  0x00000000000002e3      0x11a build/Regs.o
 .debug_abbrev  0x00000000000003fd      0x132 build/Timer.o
 .debug_abbrev  0x000000000000052f      0x19d build/Uart.o
 .debug_abbrev  0x00000000000006cc       0x2e build/armcpu.o
 .debug_abbrev  0x00000000000006fa      0x131 build/stdio.o
 .debug_abbrev  0x000000000000082b       0x75 build/stdlib.o
 .debug_abbrev  0x00000000000008a0       0x44 build/Kernel.o
 .debug_abbrev  0x00000000000008e4      0x184 build/task.o
 .debug_abbrev  0x0000000000000a68       0x14 /usr/lib/gcc/arm-none-eabi/10.3.1/libgcc.a(_udivsi3.o)
 .debug_abbrev  0x0000000000000a7c       0x14 /usr/lib/gcc/arm-none-eabi/10.3.1/libgcc.a(_dvmd_tls.o)

.debug_aranges  0x0000000000000000      0x1b8
 .debug_aranges
                0x0000000000000000       0x20 build/Entry.os
 .debug_aranges
                0x0000000000000020       0x20 build/Handler.o
 .debug_aranges
                0x0000000000000040       0x20 build/Main.o
 .debug_aranges
                0x0000000000000060       0x20 build/Interrupt.o
 .debug_aranges
                0x0000000000000080       0x18 build/Regs.o
 .debug_aranges
                0x0000000000000098       0x20 build/Timer.o
 .debug_aranges
                0x00000000000000b8       0x20 build/Uart.o
 .debug_aranges
                0x00000000000000d8       0x20 build/armcpu.o
 .debug_aranges
                0x00000000000000f8       0x20 build/stdio.o
 .debug_aranges
                0x0000000000000118       0x20 build/stdlib.o
 .debug_aranges
                0x0000000000000138       0x20 build/Kernel.o
 .debug_aranges
                0x0000000000000158       0x20 build/task.o
 .debug_aranges
                0x0000000000000178       0x20 /usr/lib/gcc/arm-none-eabi/10.3.1/libgcc.a(_udivsi3.o)
 .debug_aranges
                0x0000000000000198       0x20 /usr/lib/gcc/arm-none-eabi/10.3.1/libgcc.a(_dvmd_tls.o)

.debug_str      0x0000000000000000      0xbd4
 .debug_str     0x0000000000000000       0x39 build/Entry.os
 .debug_str     0x0000000000000039       0xcb build/Handler.o
                                        0x104 (size before relaxing)
 .debug_str     0x0000000000000104       0x84 build/Main.o
                                        0x166 (size before relaxing)
 .debug_str     0x0000000000000188      0x2bf build/Interrupt.o
                                        0x3b4 (size before relaxing)
 .debug_str     0x0000000000000447      0x3b4 build/Regs.o
                                        0x699 (size before relaxing)
 .debug_str     0x00000000000007fb       0x6a build/Timer.o
                                        0x246 (size before relaxing)
 .debug_str     0x0000000000000865       0x4f build/Uart.o
                                        0x439 (size before relaxing)
 .debug_str     0x00000000000008b4       0x3b build/armcpu.o
                                         0xaf (size before relaxing)
 .debug_str     0x00000000000008ef       0x7c build/stdio.o
                                        0x17c (size before relaxing)
 .debug_str     0x000000000000096b       0x18 build/stdlib.o
                                         0xfe (size before relaxing)
 .debug_str     0x0000000000000983       0x2a build/Kernel.o
                                        0x107 (size before relaxing)
 .debug_str     0x00000000000009ad      0x19a build/task.o
                                        0x288 (size before relaxing)
 .debug_str     0x0000000000000b47       0x8d /usr/lib/gcc/arm-none-eabi/10.3.1/libgcc.a(_udivsi3.o)
 .debug_str     0x0000000000000bd4       0x8d /usr/lib/gcc/arm-none-eabi/10.3.1/libgcc.a(_dvmd_tls.o)

.debug_frame    0x0000000000000000      0x5c0
 .debug_frame   0x0000000000000000       0x50 build/Handler.o
 .debug_frame   0x0000000000000050       0xfc build/Main.o
 .debug_frame   0x000000000000014c       0xb0 build/Interrupt.o
 .debug_frame   0x00000000000001fc       0x70 build/Timer.o
 .debug_frame   0x000000000000026c       0x8c build/Uart.o
 .debug_frame   0x00000000000002f8       0x90 build/armcpu.o
 .debug_frame   0x0000000000000388       0xac build/stdio.o
 .debug_frame   0x0000000000000434       0x30 build/stdlib.o
 .debug_frame   0x0000000000000464       0x48 build/Kernel.o
 .debug_frame   0x00000000000004ac       0xf4 build/task.o
 .debug_frame   0x00000000000005a0       0x20 /usr/lib/gcc/arm-none-eabi/10.3.1/libgcc.a(_udivsi3.o)
