Archive member included to satisfy reference by file (symbol)

/usr/lib/gcc/arm-none-eabi/10.3.1/libgcc.a(_udivsi3.o)
                              build/stdio.o (__aeabi_uidiv)
/usr/lib/gcc/arm-none-eabi/10.3.1/libgcc.a(_dvmd_tls.o)
                              /usr/lib/gcc/arm-none-eabi/10.3.1/libgcc.a(_udivsi3.o) (__aeabi_idiv0)

Memory Configuration

Name             Origin             Length             Attributes
*default*        0x0000000000000000 0xffffffffffffffff

Linker script and memory map

LOAD build/Entry.os
LOAD build/Handler.o
LOAD build/Main.o
LOAD build/Interrupt.o
LOAD build/Regs.o
LOAD build/Timer.o
LOAD build/Uart.o
LOAD build/armcpu.o
LOAD build/stdio.o
LOAD build/stdlib.o
LOAD build/event.o
LOAD build/Kernel.o
LOAD build/task.o
LOAD /usr/lib/gcc/arm-none-eabi/10.3.1/libgcc.a
                0x0000000000000000                . = 0x0

.text           0x0000000000000000     0x19a8
 *(vector_start)
 *(.text .rodata)
 .text          0x0000000000000000       0xd4 build/Entry.os
                0x0000000000000000                vector_start
                0x000000000000003c                vector_end
 .text          0x00000000000000d4       0x24 build/Handler.o
                0x00000000000000d4                Irq_Handler
                0x00000000000000f0                Fiq_Handler
 .text          0x00000000000000f8      0x344 build/Main.o
                0x00000000000000f8                main
                0x000000000000033c                User_task0
                0x00000000000003b4                User_task1
                0x000000000000040c                User_task2
 .rodata        0x000000000000043c      0x1ae build/Main.o
 *fill*         0x00000000000005ea        0x2 
 .text          0x00000000000005ec      0x2f0 build/Interrupt.o
                0x00000000000005ec                Hal_interrupt_init
                0x0000000000000688                Hal_interrupt_enable
                0x0000000000000754                Hal_interrupt_disable
                0x0000000000000820                Hal_interrupt_register_handler
                0x0000000000000858                Hal_interrupt_run_handler
 .text          0x00000000000008dc        0x0 build/Regs.o
 .text          0x00000000000008dc      0x210 build/Timer.o
                0x00000000000008dc                Hal_timer_init
                0x0000000000000ac8                Hal_timer_get_1ms_counter
 .text          0x0000000000000aec      0x1d0 build/Uart.o
                0x0000000000000aec                Hal_uart_init
                0x0000000000000b8c                Hal_uart_put_char
                0x0000000000000be8                Hal_uart_get_char
 .text          0x0000000000000cbc       0xb0 build/armcpu.o
                0x0000000000000cbc                enable_irq
                0x0000000000000ce8                enable_fiq
                0x0000000000000d14                disable_irq
                0x0000000000000d40                disable_fiq
 .text          0x0000000000000d6c      0x454 build/stdio.o
                0x0000000000000d6c                putstr
                0x0000000000000dcc                debug_printf
                0x0000000000000e1c                vsprintf
                0x000000000000109c                utoa
 .rodata        0x00000000000011c0        0x7 build/stdio.o
 *fill*         0x00000000000011c7        0x1 
 .text          0x00000000000011c8       0x4c build/stdlib.o
                0x00000000000011c8                delay
 .text          0x0000000000001214       0xf8 build/event.o
                0x0000000000001214                Kernel_event_flag_init
                0x000000000000123c                Kernel_event_flag_set
                0x000000000000127c                Kernel_event_flag_clear
                0x00000000000012c0                Kernel_event_flag_check
 .text          0x000000000000130c      0x14c build/Kernel.o
                0x000000000000130c                Kernel_start
                0x0000000000001320                Kernel_yield
                0x0000000000001334                Kernel_send_events
                0x00000000000013bc                Kernel_wait_events
 .text          0x0000000000001458      0x438 build/task.o
                0x0000000000001458                Kernel_task_init
                0x00000000000015a4                Kernel_task_start
                0x00000000000015e4                Kernel_task_create
                0x000000000000168c                Kernel_task_scheduler
                0x00000000000016e8                Kernel_task_context_switching
 .text          0x0000000000001890      0x114 /usr/lib/gcc/arm-none-eabi/10.3.1/libgcc.a(_udivsi3.o)
                0x0000000000001890                __udivsi3
                0x0000000000001890                __aeabi_uidiv
                0x0000000000001984                __aeabi_uidivmod
 .text          0x00000000000019a4        0x4 /usr/lib/gcc/arm-none-eabi/10.3.1/libgcc.a(_dvmd_tls.o)
                0x00000000000019a4                __aeabi_ldiv0
                0x00000000000019a4                __aeabi_idiv0

.glue_7         0x00000000000019a8        0x0
 .glue_7        0x00000000000019a8        0x0 linker stubs

.glue_7t        0x00000000000019a8        0x0
 .glue_7t       0x00000000000019a8        0x0 linker stubs

.vfp11_veneer   0x00000000000019a8        0x0
 .vfp11_veneer  0x00000000000019a8        0x0 linker stubs

.v4_bx          0x00000000000019a8        0x0
 .v4_bx         0x00000000000019a8        0x0 linker stubs

.iplt           0x00000000000019a8        0x0
 .iplt          0x00000000000019a8        0x0 build/Entry.os

.rel.dyn        0x00000000000019a8        0x0
 .rel.iplt      0x00000000000019a8        0x0 build/Entry.os

.data           0x00000000000019a8       0x10
 *(.data)
 .data          0x00000000000019a8        0x0 build/Entry.os
 .data          0x00000000000019a8        0x0 build/Handler.o
 .data          0x00000000000019a8        0x0 build/Main.o
 .data          0x00000000000019a8        0x0 build/Interrupt.o
 .data          0x00000000000019a8       0x10 build/Regs.o
                0x00000000000019a8                Uart
                0x00000000000019ac                GicCpu
                0x00000000000019b0                GicDist
                0x00000000000019b4                Timer
 .data          0x00000000000019b8        0x0 build/Timer.o
 .data          0x00000000000019b8        0x0 build/Uart.o
 .data          0x00000000000019b8        0x0 build/armcpu.o
 .data          0x00000000000019b8        0x0 build/stdio.o
 .data          0x00000000000019b8        0x0 build/stdlib.o
 .data          0x00000000000019b8        0x0 build/event.o
 .data          0x00000000000019b8        0x0 build/Kernel.o
 .data          0x00000000000019b8        0x0 build/task.o
 .data          0x00000000000019b8        0x0 /usr/lib/gcc/arm-none-eabi/10.3.1/libgcc.a(_udivsi3.o)
 .data          0x00000000000019b8        0x0 /usr/lib/gcc/arm-none-eabi/10.3.1/libgcc.a(_dvmd_tls.o)

.igot.plt       0x00000000000019b8        0x0
 .igot.plt      0x00000000000019b8        0x0 build/Entry.os

.bss            0x00000000000019b8      0xb14
 *(.bss)
 .bss           0x00000000000019b8        0x0 build/Entry.os
 .bss           0x00000000000019b8        0x0 build/Handler.o
 .bss           0x00000000000019b8        0x0 build/Main.o
 .bss           0x00000000000019b8      0x3fc build/Interrupt.o
 .bss           0x0000000000001db4        0x0 build/Regs.o
 .bss           0x0000000000001db4        0x4 build/Timer.o
 .bss           0x0000000000001db8        0x0 build/Uart.o
 .bss           0x0000000000001db8        0x0 build/armcpu.o
 .bss           0x0000000000001db8      0x400 build/stdio.o
 .bss           0x00000000000021b8        0x0 build/stdlib.o
 .bss           0x00000000000021b8        0x4 build/event.o
 .bss           0x00000000000021bc        0x0 build/Kernel.o
 .bss           0x00000000000021bc      0x310 build/task.o
 .bss           0x00000000000024cc        0x0 /usr/lib/gcc/arm-none-eabi/10.3.1/libgcc.a(_udivsi3.o)
 .bss           0x00000000000024cc        0x0 /usr/lib/gcc/arm-none-eabi/10.3.1/libgcc.a(_dvmd_tls.o)
OUTPUT(build/myFirstRTOS.axf elf32-littlearm)
LOAD linker stubs

.ARM.attributes
                0x0000000000000000       0x2b
 .ARM.attributes
                0x0000000000000000       0x1d build/Entry.os
 .ARM.attributes
                0x000000000000001d       0x2f build/Handler.o
 .ARM.attributes
                0x000000000000004c       0x2f build/Main.o
 .ARM.attributes
                0x000000000000007b       0x2f build/Interrupt.o
 .ARM.attributes
                0x00000000000000aa       0x2f build/Regs.o
 .ARM.attributes
                0x00000000000000d9       0x2f build/Timer.o
 .ARM.attributes
                0x0000000000000108       0x2f build/Uart.o
 .ARM.attributes
                0x0000000000000137       0x2f build/armcpu.o
 .ARM.attributes
                0x0000000000000166       0x2f build/stdio.o
 .ARM.attributes
                0x0000000000000195       0x2f build/stdlib.o
 .ARM.attributes
                0x00000000000001c4       0x2f build/event.o
 .ARM.attributes
                0x00000000000001f3       0x2f build/Kernel.o
 .ARM.attributes
                0x0000000000000222       0x2f build/task.o
 .ARM.attributes
                0x0000000000000251       0x1c /usr/lib/gcc/arm-none-eabi/10.3.1/libgcc.a(_udivsi3.o)
 .ARM.attributes
                0x000000000000026d       0x1c /usr/lib/gcc/arm-none-eabi/10.3.1/libgcc.a(_dvmd_tls.o)

.comment        0x0000000000000000       0x33
 .comment       0x0000000000000000       0x33 build/Handler.o
                                         0x34 (size before relaxing)
 .comment       0x0000000000000033       0x34 build/Main.o
 .comment       0x0000000000000033       0x34 build/Interrupt.o
 .comment       0x0000000000000033       0x34 build/Regs.o
 .comment       0x0000000000000033       0x34 build/Timer.o
 .comment       0x0000000000000033       0x34 build/Uart.o
 .comment       0x0000000000000033       0x34 build/armcpu.o
 .comment       0x0000000000000033       0x34 build/stdio.o
 .comment       0x0000000000000033       0x34 build/stdlib.o
 .comment       0x0000000000000033       0x34 build/event.o
 .comment       0x0000000000000033       0x34 build/Kernel.o
 .comment       0x0000000000000033       0x34 build/task.o

.debug_line     0x0000000000000000      0xb50
 .debug_line    0x0000000000000000       0x6d build/Entry.os
 .debug_line    0x000000000000006d       0x4c build/Handler.o
 .debug_line    0x00000000000000b9      0x139 build/Main.o
 .debug_line    0x00000000000001f2      0x11e build/Interrupt.o
 .debug_line    0x0000000000000310       0x68 build/Regs.o
 .debug_line    0x0000000000000378       0xdc build/Timer.o
 .debug_line    0x0000000000000454      0x100 build/Uart.o
 .debug_line    0x0000000000000554       0x67 build/armcpu.o
 .debug_line    0x00000000000005bb      0x17f build/stdio.o
 .debug_line    0x000000000000073a       0x6a build/stdlib.o
 .debug_line    0x00000000000007a4       0x89 build/event.o
 .debug_line    0x000000000000082d       0xd0 build/Kernel.o
 .debug_line    0x00000000000008fd      0x188 build/task.o
 .debug_line    0x0000000000000a85       0x74 /usr/lib/gcc/arm-none-eabi/10.3.1/libgcc.a(_udivsi3.o)
 .debug_line    0x0000000000000af9       0x57 /usr/lib/gcc/arm-none-eabi/10.3.1/libgcc.a(_dvmd_tls.o)

.debug_info     0x0000000000000000     0x37df
 .debug_info    0x0000000000000000       0x26 build/Entry.os
 .debug_info    0x0000000000000026       0x82 build/Handler.o
 .debug_info    0x00000000000000a8      0x323 build/Main.o
 .debug_info    0x00000000000003cb      0x698 build/Interrupt.o
 .debug_info    0x0000000000000a63     0x124d build/Regs.o
 .debug_info    0x0000000000001cb0      0x2c6 build/Timer.o
 .debug_info    0x0000000000001f76      0xcdd build/Uart.o
 .debug_info    0x0000000000002c53       0x6e build/armcpu.o
 .debug_info    0x0000000000002cc1      0x2bc build/stdio.o
 .debug_info    0x0000000000002f7d       0x9a build/stdlib.o
 .debug_info    0x0000000000003017      0x228 build/event.o
 .debug_info    0x000000000000323f      0x25b build/Kernel.o
 .debug_info    0x000000000000349a      0x2f9 build/task.o
 .debug_info    0x0000000000003793       0x26 /usr/lib/gcc/arm-none-eabi/10.3.1/libgcc.a(_udivsi3.o)
 .debug_info    0x00000000000037b9       0x26 /usr/lib/gcc/arm-none-eabi/10.3.1/libgcc.a(_dvmd_tls.o)

.debug_abbrev   0x0000000000000000      0xc9c
 .debug_abbrev  0x0000000000000000       0x14 build/Entry.os
 .debug_abbrev  0x0000000000000014       0x5e build/Handler.o
 .debug_abbrev  0x0000000000000072      0x11d build/Main.o
 .debug_abbrev  0x000000000000018f      0x19c build/Interrupt.o
 .debug_abbrev  0x000000000000032b      0x11a build/Regs.o
 .debug_abbrev  0x0000000000000445      0x132 build/Timer.o
 .debug_abbrev  0x0000000000000577      0x1cd build/Uart.o
 .debug_abbrev  0x0000000000000744       0x2e build/armcpu.o
 .debug_abbrev  0x0000000000000772      0x131 build/stdio.o
 .debug_abbrev  0x00000000000008a3       0x75 build/stdlib.o
 .debug_abbrev  0x0000000000000918       0xdf build/event.o
 .debug_abbrev  0x00000000000009f7       0xf9 build/Kernel.o
 .debug_abbrev  0x0000000000000af0      0x184 build/task.o
 .debug_abbrev  0x0000000000000c74       0x14 /usr/lib/gcc/arm-none-eabi/10.3.1/libgcc.a(_udivsi3.o)
 .debug_abbrev  0x0000000000000c88       0x14 /usr/lib/gcc/arm-none-eabi/10.3.1/libgcc.a(_dvmd_tls.o)

.debug_aranges  0x0000000000000000      0x1d8
 .debug_aranges
                0x0000000000000000       0x20 build/Entry.os
 .debug_aranges
                0x0000000000000020       0x20 build/Handler.o
 .debug_aranges
                0x0000000000000040       0x20 build/Main.o
 .debug_aranges
                0x0000000000000060       0x20 build/Interrupt.o
 .debug_aranges
                0x0000000000000080       0x18 build/Regs.o
 .debug_aranges
                0x0000000000000098       0x20 build/Timer.o
 .debug_aranges
                0x00000000000000b8       0x20 build/Uart.o
 .debug_aranges
                0x00000000000000d8       0x20 build/armcpu.o
 .debug_aranges
                0x00000000000000f8       0x20 build/stdio.o
 .debug_aranges
                0x0000000000000118       0x20 build/stdlib.o
 .debug_aranges
                0x0000000000000138       0x20 build/event.o
 .debug_aranges
                0x0000000000000158       0x20 build/Kernel.o
 .debug_aranges
                0x0000000000000178       0x20 build/task.o
 .debug_aranges
                0x0000000000000198       0x20 /usr/lib/gcc/arm-none-eabi/10.3.1/libgcc.a(_udivsi3.o)
 .debug_aranges
                0x00000000000001b8       0x20 /usr/lib/gcc/arm-none-eabi/10.3.1/libgcc.a(_dvmd_tls.o)

.debug_str      0x0000000000000000     0x1069
 .debug_str     0x0000000000000000       0x39 build/Entry.os
 .debug_str     0x0000000000000039       0xcb build/Handler.o
                                        0x104 (size before relaxing)
 .debug_str     0x0000000000000104      0x423 build/Main.o
                                        0x505 (size before relaxing)
 .debug_str     0x0000000000000527      0x2bf build/Interrupt.o
                                        0x3b4 (size before relaxing)
 .debug_str     0x00000000000007e6      0x3b4 build/Regs.o
                                        0x699 (size before relaxing)
 .debug_str     0x0000000000000b9a       0x6a build/Timer.o
                                        0x246 (size before relaxing)
 .debug_str     0x0000000000000c04       0x4f build/Uart.o
                                        0x7b4 (size before relaxing)
 .debug_str     0x0000000000000c53       0x3b build/armcpu.o
                                         0xaf (size before relaxing)
 .debug_str     0x0000000000000c8e       0x7c build/stdio.o
                                        0x17c (size before relaxing)
 .debug_str     0x0000000000000d0a       0x18 build/stdlib.o
                                         0xfe (size before relaxing)
 .debug_str     0x0000000000000d22       0x9c build/event.o
                                        0x4ed (size before relaxing)
 .debug_str     0x0000000000000dbe       0x84 build/Kernel.o
                                        0x4ee (size before relaxing)
 .debug_str     0x0000000000000e42      0x19a build/task.o
                                        0x288 (size before relaxing)
 .debug_str     0x0000000000000fdc       0x8d /usr/lib/gcc/arm-none-eabi/10.3.1/libgcc.a(_udivsi3.o)
 .debug_str     0x0000000000001069       0x8d /usr/lib/gcc/arm-none-eabi/10.3.1/libgcc.a(_dvmd_tls.o)

.debug_frame    0x0000000000000000      0x690
 .debug_frame   0x0000000000000000       0x50 build/Handler.o
 .debug_frame   0x0000000000000050       0xfc build/Main.o
 .debug_frame   0x000000000000014c       0xb0 build/Interrupt.o
 .debug_frame   0x00000000000001fc       0x70 build/Timer.o
 .debug_frame   0x000000000000026c       0x8c build/Uart.o
 .debug_frame   0x00000000000002f8       0x90 build/armcpu.o
 .debug_frame   0x0000000000000388       0xac build/stdio.o
 .debug_frame   0x0000000000000434       0x30 build/stdlib.o
 .debug_frame   0x0000000000000464       0x90 build/event.o
 .debug_frame   0x00000000000004f4       0x88 build/Kernel.o
 .debug_frame   0x000000000000057c       0xf4 build/task.o
 .debug_frame   0x0000000000000670       0x20 /usr/lib/gcc/arm-none-eabi/10.3.1/libgcc.a(_udivsi3.o)
